these 14 paths will be fetched (172.1 MiB download, 497.5 MiB unpacked):
  /nix/store/bikkd0jwr8jkd3r6r5mcr28fm17yvb0z-binutils-2.46
  /nix/store/0hwdwd29hav3i5q5if8swm95bf5ghf0k-binutils-2.46-lib
  /nix/store/lydiw6nfl7g2mz09wkacic38bzhqhr1v-binutils-wrapper-2.46
  /nix/store/mcvrww58w9cg9mjnqqgcjpg9a85f89jf-expand-response-params
  /nix/store/w4910jj1pb63k12d3gbnl03n1ixcf1js-gcc-15.3.0
  /nix/store/79mr0jw3qccq7hhf1hh62knxd88dwazc-gcc-wrapper-15.3.0
  /nix/store/02zq5w04mijwg75bv1gdbij4vjxvcjws-gmp-6.3.0
  /nix/store/asxqlw44vg2fzp1bz55n1zp4dcg4zipm-isl-0.20
  /nix/store/3f288gwg8gl4jqal1dq3dh9nizm92m9y-jemalloc-5.3.1
  /nix/store/aqh2g4l4c44zm2wnzxj765k576cfx6hg-libmpc-1.4.0
  /nix/store/8zys95ykfbkrsxbk007cqdckqqy2gasc-mpfr-4.2.2
  /nix/store/7xyci35ybc45yr9dz8iajk24pxcqx37x-python3-3.12.14
  /nix/store/4xm4476accxhcz3jzlcfpwxlqnh8vkcq-stdenv-linux
  /nix/store/zvdbpcaqqjmnzs2dpmgsszg3hh229cbp-uv-0.11.21
copying path '/nix/store/7xyci35ybc45yr9dz8iajk24pxcqx37x-python3-3.12.14' from 'https://cache.nixos.org'...
copying path '/nix/store/mcvrww58w9cg9mjnqqgcjpg9a85f89jf-expand-response-params' from 'https://cache.nixos.org'...
copying path '/nix/store/0hwdwd29hav3i5q5if8swm95bf5ghf0k-binutils-2.46-lib' from 'https://cache.nixos.org'...
copying path '/nix/store/3f288gwg8gl4jqal1dq3dh9nizm92m9y-jemalloc-5.3.1' from 'https://cache.nixos.org'...
copying path '/nix/store/02zq5w04mijwg75bv1gdbij4vjxvcjws-gmp-6.3.0' from 'https://cache.nixos.org'...
copying path '/nix/store/bikkd0jwr8jkd3r6r5mcr28fm17yvb0z-binutils-2.46' from 'https://cache.nixos.org'...
copying path '/nix/store/8zys95ykfbkrsxbk007cqdckqqy2gasc-mpfr-4.2.2' from 'https://cache.nixos.org'...
copying path '/nix/store/asxqlw44vg2fzp1bz55n1zp4dcg4zipm-isl-0.20' from 'https://cache.nixos.org'...
copying path '/nix/store/zvdbpcaqqjmnzs2dpmgsszg3hh229cbp-uv-0.11.21' from 'https://cache.nixos.org'...
copying path '/nix/store/aqh2g4l4c44zm2wnzxj765k576cfx6hg-libmpc-1.4.0' from 'https://cache.nixos.org'...
copying path '/nix/store/lydiw6nfl7g2mz09wkacic38bzhqhr1v-binutils-wrapper-2.46' from 'https://cache.nixos.org'...
copying path '/nix/store/w4910jj1pb63k12d3gbnl03n1ixcf1js-gcc-15.3.0' from 'https://cache.nixos.org'...
copying path '/nix/store/79mr0jw3qccq7hhf1hh62knxd88dwazc-gcc-wrapper-15.3.0' from 'https://cache.nixos.org'...
copying path '/nix/store/4xm4476accxhcz3jzlcfpwxlqnh8vkcq-stdenv-linux' from 'https://cache.nixos.org'...
Using CPython 3.12.14 interpreter at: /nix/store/7xyci35ybc45yr9dz8iajk24pxcqx37x-python3-3.12.14/bin/python3.12
Creating virtual environment at: /tmp/laya-env
Activate with: source /tmp/laya-env/bin/activate
Using Python 3.12.14 environment at: /tmp/laya-env
Resolved 10 packages in 3.22s
Downloading sympy (6.0MiB)
Downloading torch (187.2MiB)
Downloading networkx (2.0MiB)
Downloading setuptools (1.2MiB)
 Downloaded networkx
 Downloaded sympy
 Downloaded setuptools
 Downloaded torch
Prepared 10 packages in 10.80s
Installed 10 packages in 113ms
 + filelock==3.32.3
 + fsspec==2026.7.0
 + jinja2==3.1.6
 + markupsafe==3.0.3
 + mpmath==1.3.0
 + networkx==3.6.1
 + setuptools==78.1.0
 + sympy==1.14.0
 + torch==2.14.1+cpu
 + typing-extensions==4.16.0
Using Python 3.12.14 environment at: /tmp/laya-env
Resolved 39 packages in 962ms
Downloading tokenizers (3.1MiB)
Downloading transformers (11.4MiB)
Downloading numpy (15.9MiB)
Downloading hf-xet (4.3MiB)
Downloading pydantic-core (2.0MiB)
 Downloaded pydantic-core
 Downloaded tokenizers
 Downloaded hf-xet
 Downloaded numpy
 Downloaded transformers
Prepared 29 packages in 1.78s
Installed 29 packages in 30ms
 + annotated-doc==0.0.5
 + annotated-types==0.8.0
 + anyio==4.15.1
 + certifi==2026.7.22
 + charset-normalizer==3.5.2
 + click==8.5.0
 + fastapi==0.142.2
 + h11==0.16.0
 + hf-xet==1.6.0
 + huggingface-hub==0.36.2
 + idna==3.20
 + laya==0.3.21
 + numpy==2.5.3
 + opentelemetry-api==1.45.0
 + packaging==26.3
 + pydantic==2.13.5
 + pydantic-core==2.46.5
 + python-multipart==0.0.32
 + pyyaml==6.0.3
 + regex==2026.9.29
 + requests==2.34.2
 + safetensors==0.8.0
 + starlette==1.7.0
 + tokenizers==0.22.2
 + tqdm==4.70.1
 + transformers==4.57.6
 + typing-inspection==0.4.4
 + urllib3==2.8.0
 + uvicorn==0.54.0
